d:\pandd\floppydiskshootinggame\temp\homingengineobj\slider.obj
d:\pandd\floppydiskshootinggame\temp\homingengineobj\button.obj
d:\pandd\floppydiskshootinggame\temp\homingengineobj\time.obj
d:\pandd\floppydiskshootinggame\temp\homingengineobj\windowsinputbackend.obj
d:\pandd\floppydiskshootinggame\temp\homingengineobj\input.obj
d:\pandd\floppydiskshootinggame\temp\homingengineobj\collisionlayer.obj
d:\pandd\floppydiskshootinggame\temp\homingengineobj\meshrenderer.obj
d:\pandd\floppydiskshootinggame\temp\homingengineobj\renderer.obj
d:\pandd\floppydiskshootinggame\temp\homingengineobj\camera3d.obj
d:\pandd\floppydiskshootinggame\temp\homingengineobj\camera2d.obj
d:\pandd\floppydiskshootinggame\temp\homingengineobj\ray.obj
d:\pandd\floppydiskshootinggame\temp\homingengineobj\box.obj
d:\pandd\floppydiskshootinggame\temp\homingengineobj\sphere.obj
d:\pandd\floppydiskshootinggame\temp\homingengineobj\rect.obj
d:\pandd\floppydiskshootinggame\temp\homingengineobj\circle.obj
d:\pandd\floppydiskshootinggame\temp\homingengineobj\gameworld.obj
d:\pandd\floppydiskshootinggame\temp\homingengineobj\gameobject.obj
d:\pandd\floppydiskshootinggame\temp\homingengineobj\transform.obj
d:\pandd\floppydiskshootinggame\temp\homingengineobj\debug.obj
d:\pandd\floppydiskshootinggame\temp\homingengineobj\component.obj
d:\pandd\floppydiskshootinggame\temp\homingengineobj\collisionservice.obj
d:\pandd\floppydiskshootinggame\temp\homingengineobj\win32windowservice.obj
d:\pandd\floppydiskshootinggame\temp\homingengineobj\textrenderingservice.obj
d:\pandd\floppydiskshootinggame\temp\homingengineobj\inputservice.obj
d:\pandd\floppydiskshootinggame\temp\homingengineobj\d3d12renderingservice.obj
d:\pandd\floppydiskshootinggame\temp\homingbuild\floppyengine.pdb
d:\pandd\floppydiskshootinggame\temp\homingengineobj\switch2proinput.obj
d:\pandd\floppydiskshootinggame\temp\homingbuild\floppyengine.lib
d:\pandd\floppydiskshootinggame\temp\homingbuild/floppyengine.pdb
d:/pandd/floppydiskshootinggame/temp/homingengineobj/floppyengine.vcxproj.filelistabsolute.txt
d:\pandd\floppydiskshootinggame\temp\homingengineobj\floppyengine.tlog\cl.command.1.tlog
d:\pandd\floppydiskshootinggame\temp\homingengineobj\floppyengine.tlog\cl.items.tlog
d:\pandd\floppydiskshootinggame\temp\homingengineobj\floppyengine.tlog\cl.read.1.tlog
d:\pandd\floppydiskshootinggame\temp\homingengineobj\floppyengine.tlog\cl.write.1.tlog
d:\pandd\floppydiskshootinggame\temp\homingengineobj\floppyengine.tlog\lib-link.write.1.tlog
d:\pandd\floppydiskshootinggame\temp\homingengineobj\floppyengine.tlog\lib.command.1.tlog
d:\pandd\floppydiskshootinggame\temp\homingengineobj\floppyengine.tlog\lib.read.1.tlog
