d:\pandd\floppydiskshootinggame\temp\hominggameobj\citybackgroundmodule.obj
d:\pandd\floppydiskshootinggame\temp\hominggameobj\stage3module.obj
d:\pandd\floppydiskshootinggame\temp\hominggameobj\stage2rendering.obj
d:\pandd\floppydiskshootinggame\temp\hominggameobj\stage2module.obj
d:\pandd\floppydiskshootinggame\temp\hominggameobj\stage1module.obj
d:\pandd\floppydiskshootinggame\temp\hominggameobj\stagedispatch.obj
d:\pandd\floppydiskshootinggame\temp\hominggameobj\sidescrollingshooterbackgrounds.obj
d:\pandd\floppydiskshootinggame\temp\hominggameobj\sidescrollingshooterrendering.obj
d:\pandd\floppydiskshootinggame\temp\hominggameobj\sidescrollingshootercombat.obj
d:\pandd\floppydiskshootinggame\temp\hominggameobj\sidescrollingshooter.obj
d:\pandd\floppydiskshootinggame\temp\hominggameobj\main.obj
d:\pandd\floppydiskshootinggame\temp\hominggameobj\settingsrepository.obj
d:\pandd\floppydiskshootinggame\temp\hominggameobj\scorerepository.obj
d:\pandd\floppydiskshootinggame\temp\hominggameobj\sfxrgenerator.obj
d:\pandd\floppydiskshootinggame\temp\hominggameobj\synthwavegenerator.obj
d:\pandd\floppydiskshootinggame\temp\hominggameobj\mmlparser.obj
d:\pandd\floppydiskshootinggame\temp\hominggameobj\packedaudiosamples.obj
d:\pandd\floppydiskshootinggame\temp\hominggameobj\mmldata.obj
d:\pandd\floppydiskshootinggame\temp\hominggameobj\audioservice.obj
d:\pandd\floppydiskshootinggame\temp\hominggameobj\textrenderingservice.obj
d:\pandd\floppydiskshootinggame\temp\hominggameobj\titlescenecolumn.obj
d:\pandd\floppydiskshootinggame\temp\hominggameobj\titlescene.obj
d:\pandd\floppydiskshootinggame\temp\hominggameobj\galleryscene.obj
d:\pandd\floppydiskshootinggame\temp\hominggameobj\tutorialstage.obj
d:\pandd\floppydiskshootinggame\temp\hominggameobj\teststage.obj
d:\pandd\floppydiskshootinggame\temp\hominggameobj\optionscene.obj
d:\pandd\floppydiskshootinggame\temp\hominggameobj\rankingscene.obj
d:\pandd\floppydiskshootinggame\temp\hominggameobj\endingscene.obj
d:\pandd\floppydiskshootinggame\temp\hominggameobj\storyscene.obj
d:\pandd\floppydiskshootinggame\temp\hominggameobj\modeselectionscene.obj
d:\pandd\floppydiskshootinggame\temp\hominggameobj\creditscene.obj
d:\pandd\floppydiskshootinggame\temp\hominggameobj\modeselectionstatecontroller.obj
d:\pandd\floppydiskshootinggame\temp\hominggameobj\creditscenecontent.obj
d:\pandd\floppydiskshootinggame\temp\hominggameobj\creditcontentpresenter.obj
d:\pandd\floppydiskshootinggame\temp\hominggameobj\creditcontentcontroller.obj
d:\pandd\floppydiskshootinggame\temp\hominggameobj\spacebackground.obj
d:\pandd\floppydiskshootinggame\temp\hominggameobj\stage5rendering.obj
d:\pandd\floppydiskshootinggame\temp\hominggameobj\stage5module.obj
d:\pandd\floppydiskshootinggame\temp\hominggameobj\stage4module.obj
d:\pandd\floppydiskshootinggame\temp\hominggameobj\vc145.pdb
d:\pandd\floppydiskshootinggame\temp\hominggameobj\appicon.res
d:\pandd\floppydiskshootinggame\temp\hominggameobj\spaceyakuza.ipdb
d:\pandd\floppydiskshootinggame\temp\hominggameobj\spaceyakuza.iobj
d:\pandd\floppydiskshootinggame\temp\homingbuild\spaceyakuza.exe
d:\pandd\floppydiskshootinggame\temp\hominggameobj/floppydiskshootinggame.vcxproj.filelistabsolute.txt
d:\pandd\floppydiskshootinggame\temp\hominggameobj\floppydi.a20952db.tlog\cl.command.1.tlog
d:\pandd\floppydiskshootinggame\temp\hominggameobj\floppydi.a20952db.tlog\cl.items.tlog
d:\pandd\floppydiskshootinggame\temp\hominggameobj\floppydi.a20952db.tlog\cl.read.1.tlog
d:\pandd\floppydiskshootinggame\temp\hominggameobj\floppydi.a20952db.tlog\cl.write.1.tlog
d:\pandd\floppydiskshootinggame\temp\hominggameobj\floppydi.a20952db.tlog\link.command.1.tlog
d:\pandd\floppydiskshootinggame\temp\hominggameobj\floppydi.a20952db.tlog\link.read.1.tlog
d:\pandd\floppydiskshootinggame\temp\hominggameobj\floppydi.a20952db.tlog\link.secondary.1.tlog
d:\pandd\floppydiskshootinggame\temp\hominggameobj\floppydi.a20952db.tlog\link.write.1.tlog
d:\pandd\floppydiskshootinggame\temp\hominggameobj\floppydi.a20952db.tlog\rc.command.1.tlog
d:\pandd\floppydiskshootinggame\temp\hominggameobj\floppydi.a20952db.tlog\rc.read.1.tlog
d:\pandd\floppydiskshootinggame\temp\hominggameobj\floppydi.a20952db.tlog\rc.write.1.tlog
