
  Component.cpp
  Debug.cpp
  Transform.cpp
  GameObject.cpp
  GameWorld.cpp
  Circle.cpp
  Rect.cpp
  Sphere.cpp
  Box.cpp
  Ray.cpp
  Camera2D.cpp
  Camera3D.cpp
  Renderer.cpp
  MeshRenderer.cpp
  CollisionLayer.cpp
  Input.cpp
  WindowsInputBackend.cpp
  Time.cpp
  Button.cpp
  Slider.cpp
  コンパイル中...
  D3D12RenderingService.cpp
  InputService.cpp
  TextRenderingService.cpp
  Win32WindowService.cpp
  CollisionService.cpp
  FloppyEngine.vcxproj -> D:\Pandd\FloppyDiskShootingGame\Temp\AudioPackedBuild\FloppyEngine.lib
C:\Program Files\Microsoft Visual Studio\18\Community\MSBuild\Microsoft\VC\v180\Microsoft.CppBuild.targets(551,5): warning MSB8028: 中間ディレクトリ (D:/Pandd/FloppyDiskShootingGame/Temp/AudioPackedObj/) に別のプロジェクト (FloppyEngine.vcxproj) と共有されているファイルが含まれています。これにより、クリーンしてリビルド動作が適切に行われない可能性があります。 [D:\Pandd\FloppyDiskShootingGame\FloppyDiskShootingGame.vcxproj]
  MML: 82899 -> 13468 bytes (14 scores, lossless)
  TextRenderingService.cpp
  AudioService.cpp
  MMLData.cpp
  MMLParser.cpp
  SynthWaveGenerator.cpp
  SfxrGenerator.cpp
  ScoreRepository.cpp
  SettingsRepository.cpp
  main.cpp
  SideScrollingShooter.cpp
  SideScrollingShooterCombat.cpp
  SideScrollingShooterRendering.cpp
  SideScrollingShooterBackgrounds.cpp
  StageDispatch.cpp
  Stage1Module.cpp
  Stage2Module.cpp
  Stage2Rendering.cpp
  Stage3Module.cpp
  CityBackgroundModule.cpp
  Stage4Module.cpp
  コンパイル中...
  Stage5Module.cpp
  Stage5Rendering.cpp
  SpaceBackground.cpp
  CreditContentController.cpp
  CreditContentPresenter.cpp
  CreditSceneContent.cpp
  ModeSelectionStateController.cpp
  CreditScene.cpp
  ModeSelectionScene.cpp
  StoryScene.cpp
  EndingScene.cpp
  RankingScene.cpp
  OptionScene.cpp
  TestStage.cpp
  TutorialStage.cpp
  GalleryScene.cpp
  TitleScene.cpp
  TitleSceneColumn.cpp
  コード生成しています。
  Previous IPDB not found, fall back to full compilation.
  All 6538 functions were compiled because no usable IPDB/IOBJ from previous compilation was found.
  コード生成が終了しました。
  FloppyDiskShootingGame.vcxproj -> D:\Pandd\FloppyDiskShootingGame\Temp\AudioPackedBuild\SpaceYakuza.exe
