
  Component.cpp
  Debug.cpp
  Transform.cpp
  GameObject.cpp
  GameWorld.cpp
  Circle.cpp
  Rect.cpp
  Sphere.cpp
  Box.cpp
  Ray.cpp
  Camera2D.cpp
  Camera3D.cpp
  Renderer.cpp
  MeshRenderer.cpp
  CollisionLayer.cpp
  Input.cpp
  WindowsInputBackend.cpp
  Switch2ProInput.cpp
  Time.cpp
  Button.cpp
  コードを生成中...
  コンパイル中...
  Slider.cpp
  D3D12RenderingService.cpp
  InputService.cpp
  TextRenderingService.cpp
  Win32WindowService.cpp
  CollisionService.cpp
  コードを生成中...
  FloppyEngine.vcxproj -> D:\Pandd\FloppyDiskShootingGame\bin\Floppy\x64\FloppyDebug\FloppyEngine.lib
  Build version: Floppy v039
  MML: 82899 -> 13468 bytes (14 scores, lossless)
  Audio: 132912 -> 112329 bytes, all 54 samples retained, MSZIP lossless
  TextRenderingService.cpp
  AudioService.cpp
  MMLData.cpp
  PackedAudioSamples.cpp
  MMLParser.cpp
  SynthWaveGenerator.cpp
  SfxrGenerator.cpp
  ScoreRepository.cpp
  SettingsRepository.cpp
  main.cpp
  SideScrollingShooter.cpp
  SideScrollingShooterCombat.cpp
  SideScrollingShooterRendering.cpp
  SideScrollingShooterBackgrounds.cpp
  StageDispatch.cpp
  Stage1Module.cpp
  Stage2Module.cpp
  Stage2Rendering.cpp
  Stage3Module.cpp
  CityBackgroundModule.cpp
  コードを生成中...
  コンパイル中...
  Stage4Module.cpp
  Stage5Module.cpp
  Stage5Rendering.cpp
  SpaceBackground.cpp
  CreditContentController.cpp
  CreditContentPresenter.cpp
  CreditSceneContent.cpp
  ModeSelectionStateController.cpp
  CreditScene.cpp
  ModeSelectionScene.cpp
  StoryScene.cpp
  EndingScene.cpp
  RankingScene.cpp
  OptionScene.cpp
  TestStage.cpp
  TutorialStage.cpp
  GalleryScene.cpp
  TitleScene.cpp
  TitleSceneColumn.cpp
  コードを生成中...
LINK : fatal error LNK1104: ファイル 'D:\Pandd\FloppyDiskShootingGame\bin\Floppy\x64\FloppyDebug\SpaceYakuza.exe' を開くことができません。 [D:\Pandd\FloppyDiskShootingGame\FloppyDiskShootingGame.vcxproj]
