warning: in the working copy of 'BUILD.md', LF will be replaced by CRLF the next time Git touches it
warning: in the working copy of 'Engine/Diagnostics/Debug.cpp', LF will be replaced by CRLF the next time Git touches it
warning: in the working copy of 'Engine/Diagnostics/Debug.h', LF will be replaced by CRLF the next time Git touches it
warning: in the working copy of 'Infrastructure/ExternalServices/SteamCoopSession.cpp', LF will be replaced by CRLF the next time Git touches it
warning: in the working copy of 'Infrastructure/ExternalServices/SteamCoopSession.h', LF will be replaced by CRLF the next time Git touches it
warning: in the working copy of 'Presentation/Gameplay/SideScrollingShooter.cpp', LF will be replaced by CRLF the next time Git touches it
warning: in the working copy of 'Presentation/Gameplay/SideScrollingShooter.h', LF will be replaced by CRLF the next time Git touches it
warning: in the working copy of 'Presentation/Gameplay/SideScrollingShooterBackgrounds.cpp', LF will be replaced by CRLF the next time Git touches it
warning: in the working copy of 'Presentation/Gameplay/SideScrollingShooterCombat.cpp', LF will be replaced by CRLF the next time Git touches it
warning: in the working copy of 'Presentation/Gameplay/SideScrollingShooterEnemies.h', LF will be replaced by CRLF the next time Git touches it
warning: in the working copy of 'Presentation/Gameplay/SideScrollingShooterRendering.cpp', LF will be replaced by CRLF the next time Git touches it
warning: in the working copy of 'Presentation/Gameplay/Stages/Common/CityBackgroundModule.cpp', LF will be replaced by CRLF the next time Git touches it
warning: in the working copy of 'Presentation/Gameplay/Stages/Stage4/Stage4Module.cpp', LF will be replaced by CRLF the next time Git touches it
warning: in the working copy of 'Presentation/Gameplay/Stages/Stage5/Stage5Module.cpp', LF will be replaced by CRLF the next time Git touches it
warning: in the working copy of 'Presentation/Gameplay/Stages/Stage5/Stage5Module.h', LF will be replaced by CRLF the next time Git touches it
warning: in the working copy of 'Presentation/Gameplay/Stages/Stage5/Stage5Rendering.cpp', LF will be replaced by CRLF the next time Git touches it
warning: in the working copy of 'Presentation/Gameplay/Stages/Stage5/Stage5State.h', LF will be replaced by CRLF the next time Git touches it
warning: in the working copy of 'Presentation/Scenes/ModeSelectionScene.cpp', LF will be replaced by CRLF the next time Git touches it
warning: in the working copy of 'Presentation/Scenes/SteamLobbyScene.cpp', LF will be replaced by CRLF the next time Git touches it
warning: in the working copy of 'Tests/CoopGameplayTests.cpp', LF will be replaced by CRLF the next time Git touches it
warning: in the working copy of 'Tests/CoopStageTests.cpp', LF will be replaced by CRLF the next time Git touches it
warning: in the working copy of 'Tests/HomingShotTests.cpp', LF will be replaced by CRLF the next time Git touches it
warning: in the working copy of 'Tests/OrbitShotTests.cpp', LF will be replaced by CRLF the next time Git touches it
warning: in the working copy of 'Tests/ResumeCodeTests.cpp', LF will be replaced by CRLF the next time Git touches it
warning: in the working copy of 'Tests/RunSteamCoopSmokeTests.ps1', LF will be replaced by CRLF the next time Git touches it
warning: in the working copy of 'Tests/SteamCoopSmokeTests.cpp', LF will be replaced by CRLF the next time Git touches it
