
C:\Program Files\Microsoft Visual Studio\18\Community\MSBuild\Microsoft\VC\v180\Microsoft.CppBuild.targets(551,5): warning MSB8028: 中間ディレクトリ (D:\Pandd\FloppyDiskShootingGame\Temp\HitboxToggleGameObj\) に別のプロジェクト (FloppyDiskShootingGame.vcxproj) と共有されているファイルが含まれています。これにより、クリーンしてリビルド動作が適切に行われない可能性があります。 [D:\Pandd\FloppyDiskShootingGame\FloppyEngine.vcxproj]
  Build version: Floppy v027
  MML: 82899 -> 13468 bytes (14 scores, lossless)
  Audio: 132912 -> 112329 bytes, all 54 samples retained, MSZIP lossless
cl : コマンド ライン  warning D9025: '/ZI' より '/Z7' が優先されます。 [D:\Pandd\FloppyDiskShootingGame\FloppyDiskShootingGame.vcxproj]
  TextRenderingService.cpp
  AudioService.cpp
  MMLData.cpp
  PackedAudioSamples.cpp
  MMLParser.cpp
  SynthWaveGenerator.cpp
  SfxrGenerator.cpp
  ScoreRepository.cpp
  SettingsRepository.cpp
  main.cpp
  SideScrollingShooter.cpp
  SideScrollingShooterCombat.cpp
  SideScrollingShooterRendering.cpp
  SideScrollingShooterBackgrounds.cpp
  StageDispatch.cpp
  Stage1Module.cpp
  Stage2Module.cpp
  Stage2Rendering.cpp
  Stage3Module.cpp
  CityBackgroundModule.cpp
  コードを生成中...
  コンパイル中...
  Stage4Module.cpp
  Stage5Module.cpp
  Stage5Rendering.cpp
  SpaceBackground.cpp
  CreditContentController.cpp
  CreditContentPresenter.cpp
  CreditSceneContent.cpp
  ModeSelectionStateController.cpp
  CreditScene.cpp
  ModeSelectionScene.cpp
  StoryScene.cpp
  EndingScene.cpp
  RankingScene.cpp
  OptionScene.cpp
  TestStage.cpp
  TutorialStage.cpp
  GalleryScene.cpp
  TitleScene.cpp
  TitleSceneColumn.cpp
  コードを生成中...
  FloppyDiskShootingGame.vcxproj -> D:\Pandd\FloppyDiskShootingGame\Temp\HitboxToggleBuild\SpaceYakuza.exe
