
  Component.cpp
  Debug.cpp
  Transform.cpp
  GameObject.cpp
  GameWorld.cpp
  Circle.cpp
  Rect.cpp
  Sphere.cpp
  Box.cpp
  Ray.cpp
  Camera2D.cpp
  Camera3D.cpp
  Renderer.cpp
  MeshRenderer.cpp
  CollisionLayer.cpp
  Input.cpp
  WindowsInputBackend.cpp
  Switch2ProInput.cpp
  Time.cpp
  Button.cpp
  コードを生成中...
  コンパイル中...
  Slider.cpp
  D3D12RenderingService.cpp
  InputService.cpp
  TextRenderingService.cpp
  Win32WindowService.cpp
  CollisionService.cpp
  コードを生成中...
  FloppyEngine.vcxproj -> D:\Pandd\FloppyDiskShootingGame\x64\Debug\FloppyEngine.lib
  MML: 82899 -> 13468 bytes (14 scores, lossless)
  MML: 82899 -> 13468 bytes (14 scores, lossless)
  Audio: 132912 -> 112329 bytes, all 54 samples retained, MSZIP lossless
  Audio: 132912 -> 112329 bytes, all 54 samples retained, MSZIP lossless
  TextRenderingService.cpp
  TimeTests.cpp
  AudioService.cpp
  TransformTests.cpp
  GeometryTests.cpp
  RendererTests.cpp
  MMLData.cpp
  ObjectPoolTests.cpp
  PackedAudioSamples.cpp
  CollisionServiceTests.cpp
  SceneManagerTests.cpp
  MMLParser.cpp
  CameraTests.cpp
  SynthWaveGenerator.cpp
  Geometry3DTests.cpp
  UITests.cpp
  SfxrGenerator.cpp
  ScoreRepository.cpp
  InputTests.cpp
  ScoreRepositoryTests.cpp
  SettingsRepository.cpp
  Stage2BossModelViewTests.cpp
  Stage4BossModelViewTests.cpp
  Stage4WeaponDroneViewTests.cpp
  main.cpp
  Stage3BossModelViewTests.cpp
  Stage3BarrierCageViewTests.cpp
  Stage3FunnelModelViewTests.cpp
  Stage5ModelViewTests.cpp
  VoiceDpcmDecoderTests.cpp
  SideScrollingShooter.cpp
  コードを生成中...
  コンパイル中...
  WavSamplesTests.cpp
  SideScrollingShooterCombat.cpp
  SynthWaveGenerator.cpp
  SideScrollingShooterRendering.cpp
  MMLData.cpp
  SideScrollingShooterBackgrounds.cpp
  PackedAudioSamples.cpp
  StageDispatch.cpp
  MMLParser.cpp
  Stage1Module.cpp
  AudioService.cpp
  Stage2Module.cpp
  Stage2Rendering.cpp
  SfxrGenerator.cpp
  Stage3Module.cpp
  SpaceBackground.cpp
  ScoreRepository.cpp
  CityBackgroundModule.cpp
  コードを生成中...
  SettingsRepository.cpp
  コンパイル中...
  Stage4Module.cpp
  Stage5Module.cpp
  コードを生成中...
  Stage5Rendering.cpp
  FloppyEngine.Tests.vcxproj -> D:\Pandd\FloppyDiskShootingGame\bin\x64\Debug\FloppyEngine.Tests.exe
  SpaceBackground.cpp
  CreditContentController.cpp
  CreditContentPresenter.cpp
  CreditSceneContent.cpp
  ModeSelectionStateController.cpp
  CreditScene.cpp
  ModeSelectionScene.cpp
  StoryScene.cpp
  EndingScene.cpp
  RankingScene.cpp
  OptionScene.cpp
  TestStage.cpp
  TutorialStage.cpp
  GalleryScene.cpp
  TitleScene.cpp
  TitleSceneColumn.cpp
  コードを生成中...
  FloppyDiskShootingGame.vcxproj -> D:\Pandd\FloppyDiskShootingGame\x64\Debug\SpaceYakuza.exe
