
  FloppyEngine.vcxproj -> D:\Pandd\FloppyDiskShootingGame\bin\Floppy\x64\FloppyRelease\FloppyEngine.lib
  Build version: Floppy v128
  MML: 82899 -> 13468 bytes (14 scores, lossless)
  Audio: 132912 -> 112329 bytes, all 54 samples retained, MSZIP lossless
  SpaceBackground.cpp
  CreditContentPresenter.cpp
  SideScrollingShooterBackgrounds.cpp
  SideScrollingShooterRendering.cpp
  CityBackgroundModule.cpp
  Stage1Module.cpp
  Stage2Rendering.cpp
  Stage3Module.cpp
  Stage4Module.cpp
  Stage5Rendering.cpp
  CreditScene.cpp
  EndingScene.cpp
  GalleryScene.cpp
  ModeSelectionScene.cpp
  OptionScene.cpp
  RankingScene.cpp
  StoryScene.cpp
  TestStage.cpp
  TitleScene.cpp
  TutorialStage.cpp
  コンパイル中...
  main.cpp
  コード生成しています。
  コード生成が終了しました。
  FloppyDiskShootingGame.vcxproj -> D:\Pandd\FloppyDiskShootingGame\bin\Floppy\x64\FloppyRelease\SpaceYakuza.exe
  Floppy distribution: 1472512 / 1474560 bytes
