
  TextRenderingService.cpp
  FloppyEngine.vcxproj -> D:\Pandd\FloppyDiskShootingGame\bin\Online\x64\OnlineRelease\FloppyEngine.lib
  Build version: Online v012
  MML: 82899 -> 13468 bytes (14 scores, lossless)
  Audio: 132912 -> 112329 bytes, all 54 samples retained, MSZIP lossless
  OnlineCoopSession.cpp
  TextRenderingService.cpp
  TitleScene.cpp
  コード生成しています。
  コード生成が終了しました。
  FloppyDiskShootingGame.vcxproj -> D:\Pandd\FloppyDiskShootingGame\bin\Online\x64\OnlineRelease\SpaceYakuza.exe
D:\Pandd\FloppyDiskShootingGame\Distribution.props(94,5): warning MSB3026: "D:\Pandd\FloppyDiskShootingGame\bin\Online\x64\OnlineRelease\SpaceYakuza.exe" を "D:\Pandd\FloppyDiskShootingGame\dist\Online\x64\OnlineRelease\SpaceYakuza.exe" にコピーできませんでした。1000 ミリ秒以内に 1 回目の再試行を開始します。別のプロセスで使用されているため、プロセスはファイル 'D:\Pandd\FloppyDiskShootingGame\dist\Online\x64\OnlineRelease\SpaceYakuza.exe' にアクセスできません。 このファイルは "SpaceYakuza.exe (39992)" によってロックされています。 [D:\Pandd\FloppyDiskShootingGame\FloppyDiskShootingGame.vcxproj]
D:\Pandd\FloppyDiskShootingGame\Distribution.props(94,5): warning MSB3026: "D:\Pandd\FloppyDiskShootingGame\bin\Online\x64\OnlineRelease\SpaceYakuza.exe" を "D:\Pandd\FloppyDiskShootingGame\dist\Online\x64\OnlineRelease\SpaceYakuza.exe" にコピーできませんでした。1000 ミリ秒以内に 2 回目の再試行を開始します。別のプロセスで使用されているため、プロセスはファイル 'D:\Pandd\FloppyDiskShootingGame\dist\Online\x64\OnlineRelease\SpaceYakuza.exe' にアクセスできません。 このファイルは "SpaceYakuza.exe (39992)" によってロックされています。 [D:\Pandd\FloppyDiskShootingGame\FloppyDiskShootingGame.vcxproj]
D:\Pandd\FloppyDiskShootingGame\Distribution.props(94,5): warning MSB3026: "D:\Pandd\FloppyDiskShootingGame\bin\Online\x64\OnlineRelease\SpaceYakuza.exe" を "D:\Pandd\FloppyDiskShootingGame\dist\Online\x64\OnlineRelease\SpaceYakuza.exe" にコピーできませんでした。1000 ミリ秒以内に 3 回目の再試行を開始します。別のプロセスで使用されているため、プロセスはファイル 'D:\Pandd\FloppyDiskShootingGame\dist\Online\x64\OnlineRelease\SpaceYakuza.exe' にアクセスできません。 このファイルは "SpaceYakuza.exe (39992)" によってロックされています。 [D:\Pandd\FloppyDiskShootingGame\FloppyDiskShootingGame.vcxproj]
D:\Pandd\FloppyDiskShootingGame\Distribution.props(94,5): warning MSB3026: "D:\Pandd\FloppyDiskShootingGame\bin\Online\x64\OnlineRelease\SpaceYakuza.exe" を "D:\Pandd\FloppyDiskShootingGame\dist\Online\x64\OnlineRelease\SpaceYakuza.exe" にコピーできませんでした。1000 ミリ秒以内に 4 回目の再試行を開始します。別のプロセスで使用されているため、プロセスはファイル 'D:\Pandd\FloppyDiskShootingGame\dist\Online\x64\OnlineRelease\SpaceYakuza.exe' にアクセスできません。 このファイルは "SpaceYakuza.exe (39992)" によってロックされています。 [D:\Pandd\FloppyDiskShootingGame\FloppyDiskShootingGame.vcxproj]
D:\Pandd\FloppyDiskShootingGame\Distribution.props(94,5): warning MSB3026: "D:\Pandd\FloppyDiskShootingGame\bin\Online\x64\OnlineRelease\SpaceYakuza.exe" を "D:\Pandd\FloppyDiskShootingGame\dist\Online\x64\OnlineRelease\SpaceYakuza.exe" にコピーできませんでした。1000 ミリ秒以内に 5 回目の再試行を開始します。別のプロセスで使用されているため、プロセスはファイル 'D:\Pandd\FloppyDiskShootingGame\dist\Online\x64\OnlineRelease\SpaceYakuza.exe' にアクセスできません。 このファイルは "SpaceYakuza.exe (39992)" によってロックされています。 [D:\Pandd\FloppyDiskShootingGame\FloppyDiskShootingGame.vcxproj]
D:\Pandd\FloppyDiskShootingGame\Distribution.props(94,5): warning MSB3026: "D:\Pandd\FloppyDiskShootingGame\bin\Online\x64\OnlineRelease\SpaceYakuza.exe" を "D:\Pandd\FloppyDiskShootingGame\dist\Online\x64\OnlineRelease\SpaceYakuza.exe" にコピーできませんでした。1000 ミリ秒以内に 6 回目の再試行を開始します。別のプロセスで使用されているため、プロセスはファイル 'D:\Pandd\FloppyDiskShootingGame\dist\Online\x64\OnlineRelease\SpaceYakuza.exe' にアクセスできません。 このファイルは "SpaceYakuza.exe (39992)" によってロックされています。 [D:\Pandd\FloppyDiskShootingGame\FloppyDiskShootingGame.vcxproj]
D:\Pandd\FloppyDiskShootingGame\Distribution.props(94,5): warning MSB3026: "D:\Pandd\FloppyDiskShootingGame\bin\Online\x64\OnlineRelease\SpaceYakuza.exe" を "D:\Pandd\FloppyDiskShootingGame\dist\Online\x64\OnlineRelease\SpaceYakuza.exe" にコピーできませんでした。1000 ミリ秒以内に 7 回目の再試行を開始します。別のプロセスで使用されているため、プロセスはファイル 'D:\Pandd\FloppyDiskShootingGame\dist\Online\x64\OnlineRelease\SpaceYakuza.exe' にアクセスできません。 このファイルは "SpaceYakuza.exe (39992)" によってロックされています。 [D:\Pandd\FloppyDiskShootingGame\FloppyDiskShootingGame.vcxproj]
D:\Pandd\FloppyDiskShootingGame\Distribution.props(94,5): warning MSB3026: "D:\Pandd\FloppyDiskShootingGame\bin\Online\x64\OnlineRelease\SpaceYakuza.exe" を "D:\Pandd\FloppyDiskShootingGame\dist\Online\x64\OnlineRelease\SpaceYakuza.exe" にコピーできませんでした。1000 ミリ秒以内に 8 回目の再試行を開始します。別のプロセスで使用されているため、プロセスはファイル 'D:\Pandd\FloppyDiskShootingGame\dist\Online\x64\OnlineRelease\SpaceYakuza.exe' にアクセスできません。 このファイルは "SpaceYakuza.exe (39992)" によってロックされています。 [D:\Pandd\FloppyDiskShootingGame\FloppyDiskShootingGame.vcxproj]
D:\Pandd\FloppyDiskShootingGame\Distribution.props(94,5): warning MSB3026: "D:\Pandd\FloppyDiskShootingGame\bin\Online\x64\OnlineRelease\SpaceYakuza.exe" を "D:\Pandd\FloppyDiskShootingGame\dist\Online\x64\OnlineRelease\SpaceYakuza.exe" にコピーできませんでした。1000 ミリ秒以内に 9 回目の再試行を開始します。別のプロセスで使用されているため、プロセスはファイル 'D:\Pandd\FloppyDiskShootingGame\dist\Online\x64\OnlineRelease\SpaceYakuza.exe' にアクセスできません。 このファイルは "SpaceYakuza.exe (39992)" によってロックされています。 [D:\Pandd\FloppyDiskShootingGame\FloppyDiskShootingGame.vcxproj]
D:\Pandd\FloppyDiskShootingGame\Distribution.props(94,5): warning MSB3026: "D:\Pandd\FloppyDiskShootingGame\bin\Online\x64\OnlineRelease\SpaceYakuza.exe" を "D:\Pandd\FloppyDiskShootingGame\dist\Online\x64\OnlineRelease\SpaceYakuza.exe" にコピーできませんでした。1000 ミリ秒以内に 10 回目の再試行を開始します。別のプロセスで使用されているため、プロセスはファイル 'D:\Pandd\FloppyDiskShootingGame\dist\Online\x64\OnlineRelease\SpaceYakuza.exe' にアクセスできません。 このファイルは "SpaceYakuza.exe (39992)" によってロックされています。 [D:\Pandd\FloppyDiskShootingGame\FloppyDiskShootingGame.vcxproj]
D:\Pandd\FloppyDiskShootingGame\Distribution.props(94,5): error MSB3027: "D:\Pandd\FloppyDiskShootingGame\bin\Online\x64\OnlineRelease\SpaceYakuza.exe" を "D:\Pandd\FloppyDiskShootingGame\dist\Online\x64\OnlineRelease\SpaceYakuza.exe" にコピーできませんでした。10 回の再試行回数を超えたため、失敗しました。このファイルは "SpaceYakuza.exe (39992)" によってロックされています。 [D:\Pandd\FloppyDiskShootingGame\FloppyDiskShootingGame.vcxproj]
D:\Pandd\FloppyDiskShootingGame\Distribution.props(94,5): error MSB3021: ファイル "D:\Pandd\FloppyDiskShootingGame\bin\Online\x64\OnlineRelease\SpaceYakuza.exe" を "D:\Pandd\FloppyDiskShootingGame\dist\Online\x64\OnlineRelease\SpaceYakuza.exe" にコピーできません。別のプロセスで使用されているため、プロセスはファイル 'D:\Pandd\FloppyDiskShootingGame\dist\Online\x64\OnlineRelease\SpaceYakuza.exe' にアクセスできません。 [D:\Pandd\FloppyDiskShootingGame\FloppyDiskShootingGame.vcxproj]
